../Core/Src/main.c:91:6:MotorA_SetDir	16	static
../Core/Src/main.c:105:6:MotorA_SetSpeed	16	static
../Core/Src/main.c:109:6:MotorB_SetDir	16	static
../Core/Src/main.c:123:6:MotorB_SetSpeed	16	static
../Core/Src/main.c:133:5:main	160	static
../Core/Src/main.c:316:6:SystemClock_Config	88	static
../Core/Src/main.c:362:13:MX_I2C1_Init	8	static
../Core/Src/main.c:396:13:MX_TIM1_Init	80	static
../Core/Src/main.c:465:13:MX_TIM2_Init	56	static
../Core/Src/main.c:514:13:MX_TIM3_Init	56	static
../Core/Src/main.c:563:13:MX_GPIO_Init	40	static
../Core/Src/main.c:592:8:calculate_PID	112	static
../Core/Src/main.c:638:6:Error_Handler	4	static,ignoring_inline_asm
